
iossensor_plottingmultiplesensors acquire-and-plot-angular-velocity-and-orientation-data-from-your-apple-ios-device.html
iossensor_plottingmultiplesensors-1 acquire-and-plot-angular-velocity-and-orientation-data-from-your-apple-ios-device.html#d119e52
iossensor_plottingmultiplesensors-5 acquire-and-plot-angular-velocity-and-orientation-data-from-your-apple-ios-device.html#d119e75
iossensor_plottingmultiplesensors-7 acquire-and-plot-angular-velocity-and-orientation-data-from-your-apple-ios-device.html#d119e96
iossensor_plottingmultiplesensors-8 acquire-and-plot-angular-velocity-and-orientation-data-from-your-apple-ios-device.html#d119e107
iossensor_plottingmultiplesensors-12 acquire-and-plot-angular-velocity-and-orientation-data-from-your-apple-ios-device.html#d119e129
iossensor_plottingmultiplesensors-13 acquire-and-plot-angular-velocity-and-orientation-data-from-your-apple-ios-device.html#d119e143
iossensor_plottingmultiplesensors-14 acquire-and-plot-angular-velocity-and-orientation-data-from-your-apple-ios-device.html#d119e154
iossensor_plottingmultiplesensors-16 acquire-and-plot-angular-velocity-and-orientation-data-from-your-apple-ios-device.html#d119e180
iossensor_plottingmultiplesensors-17 acquire-and-plot-angular-velocity-and-orientation-data-from-your-apple-ios-device.html#d119e194
iossensor_plottingmultiplesensors-18 acquire-and-plot-angular-velocity-and-orientation-data-from-your-apple-ios-device.html#d119e214
iossensor_countingsteps counting-steps-by-capturing-acceleration-data-from-your-apple-ios-device.html
iossensor_countingsteps-1 counting-steps-by-capturing-acceleration-data-from-your-apple-ios-device.html#d119e260
iossensor_countingsteps-5 counting-steps-by-capturing-acceleration-data-from-your-apple-ios-device.html#d119e283
iossensor_countingsteps-7 counting-steps-by-capturing-acceleration-data-from-your-apple-ios-device.html#d119e304
iossensor_countingsteps-8 counting-steps-by-capturing-acceleration-data-from-your-apple-ios-device.html#d119e312
iossensor_countingsteps-11 counting-steps-by-capturing-acceleration-data-from-your-apple-ios-device.html#d119e332
iossensor_countingsteps-12 counting-steps-by-capturing-acceleration-data-from-your-apple-ios-device.html#d119e346
iossensor_countingsteps-13 counting-steps-by-capturing-acceleration-data-from-your-apple-ios-device.html#d119e359
iossensor_countingsteps-14 counting-steps-by-capturing-acceleration-data-from-your-apple-ios-device.html#d119e371
iossensor_countingsteps-18 counting-steps-by-capturing-acceleration-data-from-your-apple-ios-device.html#d119e397
iossensor_countingsteps-21 counting-steps-by-capturing-acceleration-data-from-your-apple-ios-device.html#d119e421
iossensor_mappinglocationandspeed acquire-gps-data-from-your-apple-ios-device-and-plot-your-location-and-speed-on-a-map.html
iossensor_mappinglocationandspeed-1 acquire-gps-data-from-your-apple-ios-device-and-plot-your-location-and-speed-on-a-map.html#d119e467
iossensor_mappinglocationandspeed-5 acquire-gps-data-from-your-apple-ios-device-and-plot-your-location-and-speed-on-a-map.html#d119e492
iossensor_mappinglocationandspeed-7 acquire-gps-data-from-your-apple-ios-device-and-plot-your-location-and-speed-on-a-map.html#d119e513
iossensor_mappinglocationandspeed-9 acquire-gps-data-from-your-apple-ios-device-and-plot-your-location-and-speed-on-a-map.html#d119e525
iossensor_mappinglocationandspeed-10 acquire-gps-data-from-your-apple-ios-device-and-plot-your-location-and-speed-on-a-map.html#d119e539
iossensor_mappinglocationandspeed-11 acquire-gps-data-from-your-apple-ios-device-and-plot-your-location-and-speed-on-a-map.html#d119e550
iossensor_mappinglocationandspeed-12 acquire-gps-data-from-your-apple-ios-device-and-plot-your-location-and-speed-on-a-map.html#d119e561
iossensor_mappinglocationandspeed-14 acquire-gps-data-from-your-apple-ios-device-and-plot-your-location-and-speed-on-a-map.html#d119e579
iossensor_mappinglocationandspeed-15 acquire-gps-data-from-your-apple-ios-device-and-plot-your-location-and-speed-on-a-map.html#d119e590
iossensor_mappinglocationandspeed-16 acquire-gps-data-from-your-apple-ios-device-and-plot-your-location-and-speed-on-a-map.html#d119e603
iossensor_mappinglocationandspeed-22 acquire-gps-data-from-your-apple-ios-device-and-plot-your-location-and-speed-on-a-map.html#d119e644